// Jest Snapshot v1, https://goo.gl/fbAQLP

exports[`Group - component render should render correctly 1`] = `
<Popper
  isVisible={false}
  popper={
    <Menu
      className=""
    >
      <MenuContent>
        <MenuList>
          <span
            hidden={true}
            value=""
          />
        </MenuList>
      </MenuContent>
    </Menu>
  }
  trigger={
    <MenuToggle
      isExpanded={false}
      onClick={[Function]}
    />
  }
/>
`;

exports[`Group - component render should render correctly placeholder 1`] = `
<Popper
  isVisible={false}
  popper={
    <Menu
      className=""
    >
      <MenuContent>
        <MenuList>
          <MenuGroup
            label="First value"
          >
            <MenuItem
              itemId={0}
            >
              First value
            </MenuItem>
            <MenuItem
              itemId={1}
            >
              Second value
            </MenuItem>
          </MenuGroup>
          <MenuGroup
            label="Second value"
          >
            <MenuItem
              itemId={0}
            >
              <Checkbox
                className=""
                id="0"
                isChecked={false}
                isDisabled={false}
                isValid={true}
                label="First checkbox"
                name="0"
                onChange={[Function]}
                onClick={[Function]}
                ouiaSafe={true}
                value="0"
              />
            </MenuItem>
            <MenuItem
              itemId={1}
            >
              <Checkbox
                className=""
                id="some-value"
                isChecked={false}
                isDisabled={false}
                isValid={true}
                label="Second checkbox"
                name="some-value"
                onChange={[Function]}
                onClick={[Function]}
                ouiaSafe={true}
                value="some-value"
              />
            </MenuItem>
          </MenuGroup>
          <MenuGroup
            label="Third value"
          >
            <MenuItem
              itemId={0}
            >
              <Radio
                className=""
                id="0"
                isChecked={false}
                isDisabled={false}
                isValid={true}
                label="First radio"
                name="0"
                onChange={[Function]}
                onClick={[Function]}
                value="0"
              />
            </MenuItem>
            <MenuItem
              itemId={1}
            >
              <Radio
                className=""
                id="1"
                isChecked={false}
                isDisabled={false}
                isValid={true}
                label="Second radio"
                name="1"
                onChange={[Function]}
                onClick={[Function]}
                value="1"
              />
            </MenuItem>
          </MenuGroup>
          <MenuGroup
            label="Groupselectable value"
          >
            <MenuItem
              itemId={0}
            >
              First value
            </MenuItem>
            <MenuItem
              itemId={1}
            >
              Second value
            </MenuItem>
          </MenuGroup>
          <span
            hidden={true}
            value=""
          />
        </MenuList>
      </MenuContent>
    </Menu>
  }
  trigger={
    <MenuToggle
      isExpanded={false}
      onClick={[Function]}
    >
      some placeholder
    </MenuToggle>
  }
/>
`;

exports[`Group - component render should render correctly with items - isDisabled 1`] = `
<Popper
  isVisible={false}
  popper={
    <Menu
      className=""
    >
      <MenuContent>
        <MenuList>
          <MenuGroup
            label="First value"
          >
            <MenuItem
              itemId={0}
            >
              First value
            </MenuItem>
            <MenuItem
              itemId={1}
            >
              Second value
            </MenuItem>
          </MenuGroup>
          <MenuGroup
            label="Second value"
          >
            <MenuItem
              itemId={0}
            >
              <Checkbox
                className=""
                id="0"
                isChecked={false}
                isDisabled={false}
                isValid={true}
                label="First checkbox"
                name="0"
                onChange={[Function]}
                onClick={[Function]}
                ouiaSafe={true}
                value="0"
              />
            </MenuItem>
            <MenuItem
              itemId={1}
            >
              <Checkbox
                className=""
                id="some-value"
                isChecked={false}
                isDisabled={false}
                isValid={true}
                label="Second checkbox"
                name="some-value"
                onChange={[Function]}
                onClick={[Function]}
                ouiaSafe={true}
                value="some-value"
              />
            </MenuItem>
          </MenuGroup>
          <MenuGroup
            label="Third value"
          >
            <MenuItem
              itemId={0}
            >
              <Radio
                className=""
                id="0"
                isChecked={false}
                isDisabled={false}
                isValid={true}
                label="First radio"
                name="0"
                onChange={[Function]}
                onClick={[Function]}
                value="0"
              />
            </MenuItem>
            <MenuItem
              itemId={1}
            >
              <Radio
                className=""
                id="1"
                isChecked={false}
                isDisabled={false}
                isValid={true}
                label="Second radio"
                name="1"
                onChange={[Function]}
                onClick={[Function]}
                value="1"
              />
            </MenuItem>
          </MenuGroup>
          <MenuGroup
            label="Groupselectable value"
          >
            <MenuItem
              itemId={0}
            >
              First value
            </MenuItem>
            <MenuItem
              itemId={1}
            >
              Second value
            </MenuItem>
          </MenuGroup>
          <span
            hidden={true}
            value=""
          />
        </MenuList>
      </MenuContent>
    </Menu>
  }
  trigger={
    <MenuToggle
      isExpanded={false}
      onClick={[Function]}
    />
  }
/>
`;

exports[`Group - component render should render correctly with items 1`] = `
<Popper
  isVisible={false}
  popper={
    <Menu
      className=""
    >
      <MenuContent>
        <MenuList>
          <MenuGroup
            label="First value"
          >
            <MenuItem
              itemId={0}
            >
              First value
            </MenuItem>
            <MenuItem
              itemId={1}
            >
              Second value
            </MenuItem>
          </MenuGroup>
          <MenuGroup
            label="Second value"
          >
            <MenuItem
              itemId={0}
            >
              <Checkbox
                className=""
                id="0"
                isChecked={false}
                isDisabled={false}
                isValid={true}
                label="First checkbox"
                name="0"
                onChange={[Function]}
                onClick={[Function]}
                ouiaSafe={true}
                value="0"
              />
            </MenuItem>
            <MenuItem
              itemId={1}
            >
              <Checkbox
                className=""
                id="some-value"
                isChecked={false}
                isDisabled={false}
                isValid={true}
                label="Second checkbox"
                name="some-value"
                onChange={[Function]}
                onClick={[Function]}
                ouiaSafe={true}
                value="some-value"
              />
            </MenuItem>
          </MenuGroup>
          <MenuGroup
            label="Third value"
          >
            <MenuItem
              itemId={0}
            >
              <Radio
                className=""
                id="0"
                isChecked={false}
                isDisabled={false}
                isValid={true}
                label="First radio"
                name="0"
                onChange={[Function]}
                onClick={[Function]}
                value="0"
              />
            </MenuItem>
            <MenuItem
              itemId={1}
            >
              <Radio
                className=""
                id="1"
                isChecked={false}
                isDisabled={false}
                isValid={true}
                label="Second radio"
                name="1"
                onChange={[Function]}
                onClick={[Function]}
                value="1"
              />
            </MenuItem>
          </MenuGroup>
          <MenuGroup
            label="Groupselectable value"
          >
            <MenuItem
              itemId={0}
            >
              First value
            </MenuItem>
            <MenuItem
              itemId={1}
            >
              Second value
            </MenuItem>
          </MenuGroup>
          <span
            hidden={true}
            value=""
          />
        </MenuList>
      </MenuContent>
    </Menu>
  }
  trigger={
    <MenuToggle
      isExpanded={false}
      onClick={[Function]}
    />
  }
/>
`;

exports[`Group - component render should render correctly with items and default value 1`] = `
<Popper
  isVisible={false}
  popper={
    <Menu
      className=""
    >
      <MenuContent>
        <MenuList>
          <MenuGroup
            label="First value"
          >
            <MenuItem
              itemId={0}
            >
              First value
            </MenuItem>
            <MenuItem
              itemId={1}
            >
              Second value
            </MenuItem>
          </MenuGroup>
          <MenuGroup
            label="Second value"
          >
            <MenuItem
              itemId={0}
            >
              <Checkbox
                className=""
                id="0"
                isChecked={false}
                isDisabled={false}
                isValid={true}
                label="First checkbox"
                name="0"
                onChange={[Function]}
                onClick={[Function]}
                ouiaSafe={true}
                value="0"
              />
            </MenuItem>
            <MenuItem
              itemId={1}
            >
              <Checkbox
                className=""
                id="some-value"
                isChecked={false}
                isDisabled={false}
                isValid={true}
                label="Second checkbox"
                name="some-value"
                onChange={[Function]}
                onClick={[Function]}
                ouiaSafe={true}
                value="some-value"
              />
            </MenuItem>
          </MenuGroup>
          <MenuGroup
            label="Third value"
          >
            <MenuItem
              itemId={0}
            >
              <Radio
                className=""
                id="0"
                isChecked={false}
                isDisabled={false}
                isValid={true}
                label="First radio"
                name="0"
                onChange={[Function]}
                onClick={[Function]}
                value="0"
              />
            </MenuItem>
            <MenuItem
              itemId={1}
            >
              <Radio
                className=""
                id="1"
                isChecked={false}
                isDisabled={false}
                isValid={true}
                label="Second radio"
                name="1"
                onChange={[Function]}
                onClick={[Function]}
                value="1"
              />
            </MenuItem>
          </MenuGroup>
          <MenuGroup
            label="Groupselectable value"
          >
            <MenuItem
              itemId={0}
            >
              First value
            </MenuItem>
            <MenuItem
              itemId={1}
            >
              Second value
            </MenuItem>
          </MenuGroup>
          <span
            hidden={true}
            value=""
          />
        </MenuList>
      </MenuContent>
    </Menu>
  }
  trigger={
    <MenuToggle
      isExpanded={false}
      onClick={[Function]}
    />
  }
/>
`;

exports[`Group - component render should render correctly with items and selected value 1`] = `
<Popper
  isVisible={false}
  popper={
    <Menu
      className=""
    >
      <MenuContent>
        <MenuList>
          <MenuGroup
            label="First value"
          >
            <MenuItem
              itemId={0}
            >
              First value
            </MenuItem>
            <MenuItem
              itemId={1}
            >
              Second value
            </MenuItem>
          </MenuGroup>
          <MenuGroup
            label="Second value"
          >
            <MenuItem
              itemId={0}
            >
              <Checkbox
                className=""
                id="0"
                isChecked={false}
                isDisabled={false}
                isValid={true}
                label="First checkbox"
                name="0"
                onChange={[Function]}
                onClick={[Function]}
                ouiaSafe={true}
                value="0"
              />
            </MenuItem>
            <MenuItem
              itemId={1}
            >
              <Checkbox
                className=""
                id="some-value"
                isChecked={true}
                isDisabled={false}
                isValid={true}
                label="Second checkbox"
                name="some-value"
                onChange={[Function]}
                onClick={[Function]}
                ouiaSafe={true}
                value="some-value"
              />
            </MenuItem>
          </MenuGroup>
          <MenuGroup
            label="Third value"
          >
            <MenuItem
              itemId={0}
            >
              <Radio
                className=""
                id="0"
                isChecked={false}
                isDisabled={false}
                isValid={true}
                label="First radio"
                name="0"
                onChange={[Function]}
                onClick={[Function]}
                value="0"
              />
            </MenuItem>
            <MenuItem
              itemId={1}
            >
              <Radio
                className=""
                id="1"
                isChecked={false}
                isDisabled={false}
                isValid={true}
                label="Second radio"
                name="1"
                onChange={[Function]}
                onClick={[Function]}
                value="1"
              />
            </MenuItem>
          </MenuGroup>
          <MenuGroup
            label="Groupselectable value"
          >
            <MenuItem
              itemId={0}
            >
              First value
            </MenuItem>
            <MenuItem
              itemId={1}
            >
              Second value
            </MenuItem>
          </MenuGroup>
          <span
            hidden={true}
            value=""
          />
        </MenuList>
      </MenuContent>
    </Menu>
  }
  trigger={
    <MenuToggle
      isExpanded={false}
      onClick={[Function]}
    />
  }
/>
`;

exports[`Group - component render show more should render correctly with items and custom props 1`] = `
<Popper
  isVisible={false}
  popper={
    <Menu
      className=""
    >
      <MenuContent>
        <MenuList>
          <MenuGroup
            label="First value"
          >
            <MenuItem
              itemId={0}
            >
              First value
            </MenuItem>
            <MenuItem
              itemId={1}
            >
              Second value
            </MenuItem>
          </MenuGroup>
          <MenuGroup
            label="Second value"
          >
            <MenuItem
              itemId={0}
            >
              <Checkbox
                className=""
                id="0"
                isChecked={false}
                isDisabled={false}
                isValid={true}
                label="First checkbox"
                name="0"
                onChange={[Function]}
                onClick={[Function]}
                ouiaSafe={true}
                value="0"
              />
            </MenuItem>
            <MenuItem
              itemId={1}
            >
              <Checkbox
                className=""
                id="some-value"
                isChecked={false}
                isDisabled={false}
                isValid={true}
                label="Second checkbox"
                name="some-value"
                onChange={[Function]}
                onClick={[Function]}
                ouiaSafe={true}
                value="some-value"
              />
            </MenuItem>
          </MenuGroup>
          <MenuGroup
            label="Third value"
          >
            <MenuItem
              itemId={0}
            >
              <Radio
                className=""
                id="0"
                isChecked={false}
                isDisabled={false}
                isValid={true}
                label="First radio"
                name="0"
                onChange={[Function]}
                onClick={[Function]}
                value="0"
              />
            </MenuItem>
            <MenuItem
              itemId={1}
            >
              <Radio
                className=""
                id="1"
                isChecked={false}
                isDisabled={false}
                isValid={true}
                label="Second radio"
                name="1"
                onChange={[Function]}
                onClick={[Function]}
                value="1"
              />
            </MenuItem>
          </MenuGroup>
          <MenuGroup
            label="Groupselectable value"
          >
            <MenuItem
              itemId={0}
            >
              First value
            </MenuItem>
            <MenuItem
              itemId={1}
            >
              Second value
            </MenuItem>
          </MenuGroup>
          <MenuItem
            className="ins-c-menu__show--more"
            itemId="loader"
            onClick={[Function]}
            props={
              Object {
                "className": "some-test-class",
              }
            }
          />
        </MenuList>
      </MenuContent>
    </Menu>
  }
  trigger={
    <MenuToggle
      isExpanded={false}
      onClick={[Function]}
    />
  }
/>
`;

exports[`Group - component render show more should render correctly with items and custom text 1`] = `
<Popper
  isVisible={false}
  popper={
    <Menu
      className=""
    >
      <MenuContent>
        <MenuList>
          <MenuGroup
            label="First value"
          >
            <MenuItem
              itemId={0}
            >
              First value
            </MenuItem>
            <MenuItem
              itemId={1}
            >
              Second value
            </MenuItem>
          </MenuGroup>
          <MenuGroup
            label="Second value"
          >
            <MenuItem
              itemId={0}
            >
              <Checkbox
                className=""
                id="0"
                isChecked={false}
                isDisabled={false}
                isValid={true}
                label="First checkbox"
                name="0"
                onChange={[Function]}
                onClick={[Function]}
                ouiaSafe={true}
                value="0"
              />
            </MenuItem>
            <MenuItem
              itemId={1}
            >
              <Checkbox
                className=""
                id="some-value"
                isChecked={false}
                isDisabled={false}
                isValid={true}
                label="Second checkbox"
                name="some-value"
                onChange={[Function]}
                onClick={[Function]}
                ouiaSafe={true}
                value="some-value"
              />
            </MenuItem>
          </MenuGroup>
          <MenuGroup
            label="Third value"
          >
            <MenuItem
              itemId={0}
            >
              <Radio
                className=""
                id="0"
                isChecked={false}
                isDisabled={false}
                isValid={true}
                label="First radio"
                name="0"
                onChange={[Function]}
                onClick={[Function]}
                value="0"
              />
            </MenuItem>
            <MenuItem
              itemId={1}
            >
              <Radio
                className=""
                id="1"
                isChecked={false}
                isDisabled={false}
                isValid={true}
                label="Second radio"
                name="1"
                onChange={[Function]}
                onClick={[Function]}
                value="1"
              />
            </MenuItem>
          </MenuGroup>
          <MenuGroup
            label="Groupselectable value"
          >
            <MenuItem
              itemId={0}
            >
              First value
            </MenuItem>
            <MenuItem
              itemId={1}
            >
              Second value
            </MenuItem>
          </MenuGroup>
          <MenuItem
            className="ins-c-menu__show--more"
            itemId="loader"
            onClick={[Function]}
          >
            some title
          </MenuItem>
        </MenuList>
      </MenuContent>
    </Menu>
  }
  trigger={
    <MenuToggle
      isExpanded={false}
      onClick={[Function]}
    />
  }
/>
`;

exports[`Group - component render show more should render correctly with items and default text 1`] = `
<Popper
  isVisible={false}
  popper={
    <Menu
      className=""
    >
      <MenuContent>
        <MenuList>
          <MenuGroup
            label="First value"
          >
            <MenuItem
              itemId={0}
            >
              First value
            </MenuItem>
            <MenuItem
              itemId={1}
            >
              Second value
            </MenuItem>
          </MenuGroup>
          <MenuGroup
            label="Second value"
          >
            <MenuItem
              itemId={0}
            >
              <Checkbox
                className=""
                id="0"
                isChecked={false}
                isDisabled={false}
                isValid={true}
                label="First checkbox"
                name="0"
                onChange={[Function]}
                onClick={[Function]}
                ouiaSafe={true}
                value="0"
              />
            </MenuItem>
            <MenuItem
              itemId={1}
            >
              <Checkbox
                className=""
                id="some-value"
                isChecked={false}
                isDisabled={false}
                isValid={true}
                label="Second checkbox"
                name="some-value"
                onChange={[Function]}
                onClick={[Function]}
                ouiaSafe={true}
                value="some-value"
              />
            </MenuItem>
          </MenuGroup>
          <MenuGroup
            label="Third value"
          >
            <MenuItem
              itemId={0}
            >
              <Radio
                className=""
                id="0"
                isChecked={false}
                isDisabled={false}
                isValid={true}
                label="First radio"
                name="0"
                onChange={[Function]}
                onClick={[Function]}
                value="0"
              />
            </MenuItem>
            <MenuItem
              itemId={1}
            >
              <Radio
                className=""
                id="1"
                isChecked={false}
                isDisabled={false}
                isValid={true}
                label="Second radio"
                name="1"
                onChange={[Function]}
                onClick={[Function]}
                value="1"
              />
            </MenuItem>
          </MenuGroup>
          <MenuGroup
            label="Groupselectable value"
          >
            <MenuItem
              itemId={0}
            >
              First value
            </MenuItem>
            <MenuItem
              itemId={1}
            >
              Second value
            </MenuItem>
          </MenuGroup>
          <MenuItem
            className="ins-c-menu__show--more"
            itemId="loader"
            onClick={[Function]}
          />
        </MenuList>
      </MenuContent>
    </Menu>
  }
  trigger={
    <MenuToggle
      isExpanded={false}
      onClick={[Function]}
    />
  }
/>
`;

exports[`Group - component render show more should render correctly with items and different variant 1`] = `
<Popper
  isVisible={false}
  popper={
    <Menu
      className=""
    >
      <MenuContent>
        <MenuList>
          <MenuGroup
            label="First value"
          >
            <MenuItem
              itemId={0}
            >
              First value
            </MenuItem>
            <MenuItem
              itemId={1}
            >
              Second value
            </MenuItem>
          </MenuGroup>
          <MenuGroup
            label="Second value"
          >
            <MenuItem
              itemId={0}
            >
              <Checkbox
                className=""
                id="0"
                isChecked={false}
                isDisabled={false}
                isValid={true}
                label="First checkbox"
                name="0"
                onChange={[Function]}
                onClick={[Function]}
                ouiaSafe={true}
                value="0"
              />
            </MenuItem>
            <MenuItem
              itemId={1}
            >
              <Checkbox
                className=""
                id="some-value"
                isChecked={false}
                isDisabled={false}
                isValid={true}
                label="Second checkbox"
                name="some-value"
                onChange={[Function]}
                onClick={[Function]}
                ouiaSafe={true}
                value="some-value"
              />
            </MenuItem>
          </MenuGroup>
          <MenuGroup
            label="Third value"
          >
            <MenuItem
              itemId={0}
            >
              <Radio
                className=""
                id="0"
                isChecked={false}
                isDisabled={false}
                isValid={true}
                label="First radio"
                name="0"
                onChange={[Function]}
                onClick={[Function]}
                value="0"
              />
            </MenuItem>
            <MenuItem
              itemId={1}
            >
              <Radio
                className=""
                id="1"
                isChecked={false}
                isDisabled={false}
                isValid={true}
                label="Second radio"
                name="1"
                onChange={[Function]}
                onClick={[Function]}
                value="1"
              />
            </MenuItem>
          </MenuGroup>
          <MenuGroup
            label="Groupselectable value"
          >
            <MenuItem
              itemId={0}
            >
              First value
            </MenuItem>
            <MenuItem
              itemId={1}
            >
              Second value
            </MenuItem>
          </MenuGroup>
          <MenuItem
            className="ins-c-menu__show--more"
            itemId="loader"
            onClick={[Function]}
            variant="default"
          />
        </MenuList>
      </MenuContent>
    </Menu>
  }
  trigger={
    <MenuToggle
      isExpanded={false}
      onClick={[Function]}
    />
  }
/>
`;
