// Jest Snapshot v1, https://goo.gl/fbAQLP

exports[`Shield component should render where hasTooltip is false 1`] = `
<div>
  <span>
    <span>
      <span
        class="pf-v6-c-icon pf-m-md"
      >
        <span
          class="pf-v6-c-icon__content"
        >
          <svg
            aria-hidden="false"
            aria-label="Unknown"
            class="pf-v6-svg"
            color="#737679"
            fill="currentColor"
            height="1em"
            role="img"
            viewBox="0 0 384 512"
            width="1em"
          >
            <path
              d="M202.021 0C122.202 0 70.503 32.703 29.914 91.026c-7.363 10.58-5.093 25.086 5.178 32.874l43.138 32.709c10.373 7.865 25.132 6.026 33.253-4.148 25.049-31.381 43.63-49.449 82.757-49.449 30.764 0 68.816 19.799 68.816 49.631 0 22.552-18.617 34.134-48.993 51.164-35.423 19.86-82.299 44.576-82.299 106.405V320c0 13.255 10.745 24 24 24h72.471c13.255 0 24-10.745 24-24v-5.773c0-42.86 125.268-44.645 125.268-160.627C377.504 66.256 286.902 0 202.021 0zM192 373.459c-38.196 0-69.271 31.075-69.271 69.271 0 38.195 31.075 69.27 69.271 69.27s69.271-31.075 69.271-69.271-31.075-69.27-69.271-69.27z"
            />
          </svg>
        </span>
      </span>
       
    </span>
  </span>
</div>
`;

exports[`Shield component should render where impact value is 1 1`] = `
<div>
  <span>
    <div
      style="display: contents;"
    >
      <span>
        <span
          class="pf-v6-c-icon pf-m-md"
        >
          <span
            class="pf-v6-c-icon__content"
          >
            <svg
              aria-hidden="false"
              aria-label="Low"
              class="pf-v6-svg"
              color="#737679"
              fill="currentColor"
              height="1em"
              role="img"
              viewBox="0 0 896 1024"
              width="1em"
            >
              <path
                d="M861.5,0 L34.5,0 C15.4,0 0,14.3 0,32 L0,452.1 C0,768 387.7,1024 448.5,1024 C509.3,1024 896,768 896,452.2 L896,32 C896,14.3 880.6,0 861.5,0 Z M490.7,768 L405.3,768 C393.5,767.8 384.2,757.5 384,744.7 L384,663.3 C384.2,650.5 393.6,640.3 405.3,640 L490.7,640 C502.5,640.2 511.8,650.5 512,663.3 L512,744.7 L512.1,744.7 C511.8,757.5 502.4,767.8 490.7,768 Z M543.9,162.7 L517.2,514.4 C515.8,530.9 502,544 485.3,544 L410.6,544 C394,544 380.1,531.2 378.7,514.7 L352.1,163 C350.5,144.3 365.3,128.3 384,128.3 L512,128 C530.7,128 545.4,144 543.9,162.7 Z"
              />
            </svg>
          </span>
        </span>
         
      </span>
    </div>
  </span>
</div>
`;

exports[`Shield component should render where impact value is 2 1`] = `
<div>
  <span>
    <div
      style="display: contents;"
    >
      <span>
        <span
          class="pf-v6-c-icon pf-m-md"
        >
          <span
            class="pf-v6-c-icon__content"
          >
            <svg
              aria-hidden="false"
              aria-label="Medium"
              class="pf-v6-svg"
              color="#f0ab00"
              fill="currentColor"
              height="1em"
              role="img"
              viewBox="0 0 896 1024"
              width="1em"
            >
              <path
                d="M861.5,0 L34.5,0 C15.4,0 0,14.3 0,32 L0,452.1 C0,768 387.7,1024 448.5,1024 C509.3,1024 896,768 896,452.2 L896,32 C896,14.3 880.6,0 861.5,0 Z M490.7,768 L405.3,768 C393.5,767.8 384.2,757.5 384,744.7 L384,663.3 C384.2,650.5 393.6,640.3 405.3,640 L490.7,640 C502.5,640.2 511.8,650.5 512,663.3 L512,744.7 L512.1,744.7 C511.8,757.5 502.4,767.8 490.7,768 Z M543.9,162.7 L517.2,514.4 C515.8,530.9 502,544 485.3,544 L410.6,544 C394,544 380.1,531.2 378.7,514.7 L352.1,163 C350.5,144.3 365.3,128.3 384,128.3 L512,128 C530.7,128 545.4,144 543.9,162.7 Z"
              />
            </svg>
          </span>
        </span>
         
      </span>
    </div>
  </span>
</div>
`;

exports[`Shield component should render where impact value is 3 1`] = `
<div>
  <span>
    <div
      style="display: contents;"
    >
      <span>
        <span
          class="pf-v6-c-icon pf-m-md"
        >
          <span
            class="pf-v6-c-icon__content"
          >
            <svg
              aria-hidden="false"
              aria-label="High"
              class="pf-v6-svg"
              color="#ec7a08"
              fill="currentColor"
              height="1em"
              role="img"
              viewBox="0 0 896 1024"
              width="1em"
            >
              <path
                d="M861.5,0 L34.5,0 C15.4,0 0,14.3 0,32 L0,452.1 C0,768 387.7,1024 448.5,1024 C509.3,1024 896,768 896,452.2 L896,32 C896,14.3 880.6,0 861.5,0 Z M490.7,768 L405.3,768 C393.5,767.8 384.2,757.5 384,744.7 L384,663.3 C384.2,650.5 393.6,640.3 405.3,640 L490.7,640 C502.5,640.2 511.8,650.5 512,663.3 L512,744.7 L512.1,744.7 C511.8,757.5 502.4,767.8 490.7,768 Z M543.9,162.7 L517.2,514.4 C515.8,530.9 502,544 485.3,544 L410.6,544 C394,544 380.1,531.2 378.7,514.7 L352.1,163 C350.5,144.3 365.3,128.3 384,128.3 L512,128 C530.7,128 545.4,144 543.9,162.7 Z"
              />
            </svg>
          </span>
        </span>
         
      </span>
    </div>
  </span>
</div>
`;

exports[`Shield component should render where impact value is 4 1`] = `
<div>
  <span>
    <div
      style="display: contents;"
    >
      <span>
        <span
          class="pf-v6-c-icon pf-m-md"
        >
          <span
            class="pf-v6-c-icon__content"
          >
            <svg
              aria-hidden="false"
              aria-label="Critical"
              class="pf-v6-svg"
              color="#a30000"
              fill="currentColor"
              height="1em"
              role="img"
              viewBox="0 0 896 1024"
              width="1em"
            >
              <path
                d="M861.5,0 L34.5,0 C15.4,0 0,14.3 0,32 L0,452.1 C0,768 387.7,1024 448.5,1024 C509.3,1024 896,768 896,452.2 L896,32 C896,14.3 880.6,0 861.5,0 Z M490.7,768 L405.3,768 C393.5,767.8 384.2,757.5 384,744.7 L384,663.3 C384.2,650.5 393.6,640.3 405.3,640 L490.7,640 C502.5,640.2 511.8,650.5 512,663.3 L512,744.7 L512.1,744.7 C511.8,757.5 502.4,767.8 490.7,768 Z M543.9,162.7 L517.2,514.4 C515.8,530.9 502,544 485.3,544 L410.6,544 C394,544 380.1,531.2 378.7,514.7 L352.1,163 C350.5,144.3 365.3,128.3 384,128.3 L512,128 C530.7,128 545.4,144 543.9,162.7 Z"
              />
            </svg>
          </span>
        </span>
         
      </span>
    </div>
  </span>
</div>
`;

exports[`Shield component should render where impact value is Critical 1`] = `
<div>
  <span>
    <div
      style="display: contents;"
    >
      <span>
        <span
          class="pf-v6-c-icon pf-m-md"
        >
          <span
            class="pf-v6-c-icon__content"
          >
            <svg
              aria-hidden="false"
              aria-label="Critical"
              class="pf-v6-svg"
              color="#a30000"
              fill="currentColor"
              height="1em"
              role="img"
              viewBox="0 0 896 1024"
              width="1em"
            >
              <path
                d="M861.5,0 L34.5,0 C15.4,0 0,14.3 0,32 L0,452.1 C0,768 387.7,1024 448.5,1024 C509.3,1024 896,768 896,452.2 L896,32 C896,14.3 880.6,0 861.5,0 Z M490.7,768 L405.3,768 C393.5,767.8 384.2,757.5 384,744.7 L384,663.3 C384.2,650.5 393.6,640.3 405.3,640 L490.7,640 C502.5,640.2 511.8,650.5 512,663.3 L512,744.7 L512.1,744.7 C511.8,757.5 502.4,767.8 490.7,768 Z M543.9,162.7 L517.2,514.4 C515.8,530.9 502,544 485.3,544 L410.6,544 C394,544 380.1,531.2 378.7,514.7 L352.1,163 C350.5,144.3 365.3,128.3 384,128.3 L512,128 C530.7,128 545.4,144 543.9,162.7 Z"
              />
            </svg>
          </span>
        </span>
         
      </span>
    </div>
  </span>
</div>
`;

exports[`Shield component should render where impact value is Low 1`] = `
<div>
  <span>
    <div
      style="display: contents;"
    >
      <span>
        <span
          class="pf-v6-c-icon pf-m-md"
        >
          <span
            class="pf-v6-c-icon__content"
          >
            <svg
              aria-hidden="false"
              aria-label="Low"
              class="pf-v6-svg"
              color="#737679"
              fill="currentColor"
              height="1em"
              role="img"
              viewBox="0 0 896 1024"
              width="1em"
            >
              <path
                d="M861.5,0 L34.5,0 C15.4,0 0,14.3 0,32 L0,452.1 C0,768 387.7,1024 448.5,1024 C509.3,1024 896,768 896,452.2 L896,32 C896,14.3 880.6,0 861.5,0 Z M490.7,768 L405.3,768 C393.5,767.8 384.2,757.5 384,744.7 L384,663.3 C384.2,650.5 393.6,640.3 405.3,640 L490.7,640 C502.5,640.2 511.8,650.5 512,663.3 L512,744.7 L512.1,744.7 C511.8,757.5 502.4,767.8 490.7,768 Z M543.9,162.7 L517.2,514.4 C515.8,530.9 502,544 485.3,544 L410.6,544 C394,544 380.1,531.2 378.7,514.7 L352.1,163 C350.5,144.3 365.3,128.3 384,128.3 L512,128 C530.7,128 545.4,144 543.9,162.7 Z"
              />
            </svg>
          </span>
        </span>
         
      </span>
    </div>
  </span>
</div>
`;

exports[`Shield component should render where impact value is NonExist 1`] = `
<div>
  <span>
    <div
      style="display: contents;"
    >
      <span>
        <span
          class="pf-v6-c-icon pf-m-md"
        >
          <span
            class="pf-v6-c-icon__content"
          >
            <svg
              aria-hidden="false"
              aria-label="Unknown"
              class="pf-v6-svg"
              color="#737679"
              fill="currentColor"
              height="1em"
              role="img"
              viewBox="0 0 384 512"
              width="1em"
            >
              <path
                d="M202.021 0C122.202 0 70.503 32.703 29.914 91.026c-7.363 10.58-5.093 25.086 5.178 32.874l43.138 32.709c10.373 7.865 25.132 6.026 33.253-4.148 25.049-31.381 43.63-49.449 82.757-49.449 30.764 0 68.816 19.799 68.816 49.631 0 22.552-18.617 34.134-48.993 51.164-35.423 19.86-82.299 44.576-82.299 106.405V320c0 13.255 10.745 24 24 24h72.471c13.255 0 24-10.745 24-24v-5.773c0-42.86 125.268-44.645 125.268-160.627C377.504 66.256 286.902 0 202.021 0zM192 373.459c-38.196 0-69.271 31.075-69.271 69.271 0 38.195 31.075 69.27 69.271 69.27s69.271-31.075 69.271-69.271-31.075-69.27-69.271-69.27z"
              />
            </svg>
          </span>
        </span>
         
      </span>
    </div>
  </span>
</div>
`;

exports[`Shield component should render where impact value is empty string 1`] = `
<div>
  <span>
    <div
      style="display: contents;"
    >
      <span>
        <span
          class="pf-v6-c-icon pf-m-md"
        >
          <span
            class="pf-v6-c-icon__content"
          >
            <svg
              aria-hidden="false"
              aria-label="Unknown"
              class="pf-v6-svg"
              color="#737679"
              fill="currentColor"
              height="1em"
              role="img"
              viewBox="0 0 384 512"
              width="1em"
            >
              <path
                d="M202.021 0C122.202 0 70.503 32.703 29.914 91.026c-7.363 10.58-5.093 25.086 5.178 32.874l43.138 32.709c10.373 7.865 25.132 6.026 33.253-4.148 25.049-31.381 43.63-49.449 82.757-49.449 30.764 0 68.816 19.799 68.816 49.631 0 22.552-18.617 34.134-48.993 51.164-35.423 19.86-82.299 44.576-82.299 106.405V320c0 13.255 10.745 24 24 24h72.471c13.255 0 24-10.745 24-24v-5.773c0-42.86 125.268-44.645 125.268-160.627C377.504 66.256 286.902 0 202.021 0zM192 373.459c-38.196 0-69.271 31.075-69.271 69.271 0 38.195 31.075 69.27 69.271 69.27s69.271-31.075 69.271-69.271-31.075-69.27-69.271-69.27z"
              />
            </svg>
          </span>
        </span>
         
      </span>
    </div>
  </span>
</div>
`;

exports[`Shield component should render where impact value is undefined 1`] = `
<div>
  <span>
    <div
      style="display: contents;"
    >
      <span>
        <span
          class="pf-v6-c-icon pf-m-md"
        >
          <span
            class="pf-v6-c-icon__content"
          >
            <svg
              aria-hidden="false"
              aria-label="Unknown"
              class="pf-v6-svg"
              color="#737679"
              fill="currentColor"
              height="1em"
              role="img"
              viewBox="0 0 384 512"
              width="1em"
            >
              <path
                d="M202.021 0C122.202 0 70.503 32.703 29.914 91.026c-7.363 10.58-5.093 25.086 5.178 32.874l43.138 32.709c10.373 7.865 25.132 6.026 33.253-4.148 25.049-31.381 43.63-49.449 82.757-49.449 30.764 0 68.816 19.799 68.816 49.631 0 22.552-18.617 34.134-48.993 51.164-35.423 19.86-82.299 44.576-82.299 106.405V320c0 13.255 10.745 24 24 24h72.471c13.255 0 24-10.745 24-24v-5.773c0-42.86 125.268-44.645 125.268-160.627C377.504 66.256 286.902 0 202.021 0zM192 373.459c-38.196 0-69.271 31.075-69.271 69.271 0 38.195 31.075 69.27 69.271 69.27s69.271-31.075 69.271-69.271-31.075-69.27-69.271-69.27z"
              />
            </svg>
          </span>
        </span>
         
      </span>
    </div>
  </span>
</div>
`;

exports[`Shield component should render with label 1`] = `
<div>
  <span>
    <div
      style="display: contents;"
    >
      <span>
        <span
          class="pf-v6-c-icon pf-m-md"
        >
          <span
            class="pf-v6-c-icon__content"
          >
            <svg
              aria-hidden="false"
              aria-label="Medium"
              class="pf-v6-svg"
              color="#f0ab00"
              fill="currentColor"
              height="1em"
              role="img"
              viewBox="0 0 896 1024"
              width="1em"
            >
              <path
                d="M861.5,0 L34.5,0 C15.4,0 0,14.3 0,32 L0,452.1 C0,768 387.7,1024 448.5,1024 C509.3,1024 896,768 896,452.2 L896,32 C896,14.3 880.6,0 861.5,0 Z M490.7,768 L405.3,768 C393.5,767.8 384.2,757.5 384,744.7 L384,663.3 C384.2,650.5 393.6,640.3 405.3,640 L490.7,640 C502.5,640.2 511.8,650.5 512,663.3 L512,744.7 L512.1,744.7 C511.8,757.5 502.4,767.8 490.7,768 Z M543.9,162.7 L517.2,514.4 C515.8,530.9 502,544 485.3,544 L410.6,544 C394,544 380.1,531.2 378.7,514.7 L352.1,163 C350.5,144.3 365.3,128.3 384,128.3 L512,128 C530.7,128 545.4,144 543.9,162.7 Z"
              />
            </svg>
          </span>
        </span>
         
        Medium
      </span>
    </div>
  </span>
</div>
`;

exports[`Shield component should render without props 1`] = `
<div>
  <span>
    <div
      style="display: contents;"
    >
      <span>
        <span
          class="pf-v6-c-icon pf-m-md"
        >
          <span
            class="pf-v6-c-icon__content"
          >
            <svg
              aria-hidden="false"
              aria-label="Unknown"
              class="pf-v6-svg"
              color="#737679"
              fill="currentColor"
              height="1em"
              role="img"
              viewBox="0 0 384 512"
              width="1em"
            >
              <path
                d="M202.021 0C122.202 0 70.503 32.703 29.914 91.026c-7.363 10.58-5.093 25.086 5.178 32.874l43.138 32.709c10.373 7.865 25.132 6.026 33.253-4.148 25.049-31.381 43.63-49.449 82.757-49.449 30.764 0 68.816 19.799 68.816 49.631 0 22.552-18.617 34.134-48.993 51.164-35.423 19.86-82.299 44.576-82.299 106.405V320c0 13.255 10.745 24 24 24h72.471c13.255 0 24-10.745 24-24v-5.773c0-42.86 125.268-44.645 125.268-160.627C377.504 66.256 286.902 0 202.021 0zM192 373.459c-38.196 0-69.271 31.075-69.271 69.271 0 38.195 31.075 69.27 69.271 69.27s69.271-31.075 69.271-69.271-31.075-69.27-69.271-69.27z"
              />
            </svg>
          </span>
        </span>
         
      </span>
    </div>
  </span>
</div>
`;
