// Jest Snapshot v1, https://goo.gl/fbAQLP

exports[`rowsBuilder returns a rows configuration 1`] = `
Object {
  "tableProps": Object {
    "rows": Array [],
  },
  "toolbarProps": Object {
    "pagination": undefined,
  },
}
`;
