// Jest Snapshot v1, https://goo.gl/fbAQLP

exports[`buildCells should create cells with renderFunc 1`] = `"testing"`;
