// Jest Snapshot v1, https://goo.gl/fbAQLP

exports[`NotAuthorized component should render 1`] = `
<Fragment>
  <Component
    className="ins-c-not-authorized"
    variant="full"
  >
    <Component
      icon={[Function]}
    />
    <Component
      headingLevel="h5"
      size="lg"
    >
       You do not have access to 
      Foo
    </Component>
    <Component>
      Contact your organization administrator(s) for more information.
    </Component>
    <Component
      component="a"
      href="."
      variant="primary"
    >
      Go to landing page
    </Component>
  </Component>
</Fragment>
`;
