// Jest Snapshot v1, https://goo.gl/fbAQLP

exports[`useTableSort returns a table sort configuration 1`] = `
Object {
  "all": Array [
    Object {
      "sortBy": Object {
        "direction": "asc",
        "index": 0,
      },
      "tableProps": Object {
        "cells": Array [
          Object {
            "exportKey": "id",
            "key": "id",
            "managable": false,
            "sortByProperty": "id",
            "title": "ID",
          },
          Object {
            "exportKey": "name",
            "key": "id",
            "renderFunc": [Function],
            "sortByProperty": "name",
            "title": "Name",
          },
          Object {
            "exportKey": "name",
            "key": "another_name_column",
            "renderExport": [Function],
            "sortByProperty": "name",
            "title": "Another Name column",
          },
          Object {
            "key": "desc",
            "renderExport": [Function],
            "sortByProperty": "description",
            "title": "Description",
          },
          Object {
            "exportKey": "severity",
            "renderFunc": [Function],
            "sortByFunction": [Function],
            "title": "Severity sorted by function",
            "transforms": Array [
              [Function],
            ],
          },
          Object {
            "exportKey": "severity",
            "renderFunc": [Function],
            "sortByArray": Array [
              "high",
              "medium",
              "low",
              "unknown",
            ],
            "sortByProperty": "severity",
            "title": "Severity by Array",
          },
        ],
        "onSort": [Function],
        "sortBy": Object {
          "direction": "asc",
          "index": 0,
        },
      },
    },
  ],
  "current": Object {
    "sortBy": Object {
      "direction": "asc",
      "index": 0,
    },
    "tableProps": Object {
      "cells": Array [
        Object {
          "exportKey": "id",
          "key": "id",
          "managable": false,
          "sortByProperty": "id",
          "title": "ID",
        },
        Object {
          "exportKey": "name",
          "key": "id",
          "renderFunc": [Function],
          "sortByProperty": "name",
          "title": "Name",
        },
        Object {
          "exportKey": "name",
          "key": "another_name_column",
          "renderExport": [Function],
          "sortByProperty": "name",
          "title": "Another Name column",
        },
        Object {
          "key": "desc",
          "renderExport": [Function],
          "sortByProperty": "description",
          "title": "Description",
        },
        Object {
          "exportKey": "severity",
          "renderFunc": [Function],
          "sortByFunction": [Function],
          "title": "Severity sorted by function",
          "transforms": Array [
            [Function],
          ],
        },
        Object {
          "exportKey": "severity",
          "renderFunc": [Function],
          "sortByArray": Array [
            "high",
            "medium",
            "low",
            "unknown",
          ],
          "sortByProperty": "severity",
          "title": "Severity by Array",
        },
      ],
      "onSort": [Function],
      "sortBy": Object {
        "direction": "asc",
        "index": 0,
      },
    },
  },
  "error": undefined,
}
`;
