// Jest Snapshot v1, https://goo.gl/fbAQLP

exports[`OperatingSystemCard should render correctly - no data 1`] = `
<div
  class="pf-l-stack pf-m-gutter"
>
  <div
    class="pf-l-stack__item"
  >
    <div
      class="pf-c-content"
    >
      <h1
        class=""
        data-pf-content="true"
      >
        Operating System
      </h1>
    </div>
  </div>
  <div
    class="pf-l-stack__item pf-m-fill"
  >
    <div
      class="pf-c-content"
    >
      <dl
        class=""
        data-pf-content="true"
      >
        <dt
          class=""
          data-pf-content="true"
        >
          Release
        </dt>
        <dd
          class=""
          data-pf-content="true"
        >
          <div
            class="ins-c-skeleton ins-c-skeleton__sm"
          >
             
          </div>
        </dd>
        <dt
          class=""
          data-pf-content="true"
        >
          Kernel release
        </dt>
        <dd
          class=""
          data-pf-content="true"
        >
          <div
            class="ins-c-skeleton ins-c-skeleton__sm"
          >
             
          </div>
        </dd>
        <dt
          class=""
          data-pf-content="true"
        >
          Architecture
        </dt>
        <dd
          class=""
          data-pf-content="true"
        >
          <div
            class="ins-c-skeleton ins-c-skeleton__sm"
          >
             
          </div>
        </dd>
        <dt
          class=""
          data-pf-content="true"
        >
          Last boot time
        </dt>
        <dd
          class=""
          data-pf-content="true"
        >
          <div
            class="ins-c-skeleton ins-c-skeleton__sm"
          >
             
          </div>
        </dd>
        <dt
          class=""
          data-pf-content="true"
        >
          Kernel modules
        </dt>
        <dd
          class=""
          data-pf-content="true"
        >
          <div
            class="ins-c-skeleton ins-c-skeleton__sm"
          >
             
          </div>
        </dd>
      </dl>
    </div>
  </div>
</div>
`;

exports[`OperatingSystemCard should render correctly with data 1`] = `
<div
  class="pf-l-stack pf-m-gutter"
>
  <div
    class="pf-l-stack__item"
  >
    <div
      class="pf-c-content"
    >
      <h1
        class=""
        data-pf-content="true"
      >
        Operating System
      </h1>
    </div>
  </div>
  <div
    class="pf-l-stack__item pf-m-fill"
  >
    <div
      class="pf-c-content"
    >
      <dl
        class=""
        data-pf-content="true"
      >
        <dt
          class=""
          data-pf-content="true"
        >
          Release
        </dt>
        <dd
          class=""
          data-pf-content="true"
        >
          test-release
        </dd>
        <dt
          class=""
          data-pf-content="true"
        >
          Kernel release
        </dt>
        <dd
          class=""
          data-pf-content="true"
        >
          test-kernel
        </dd>
        <dt
          class=""
          data-pf-content="true"
        >
          Architecture
        </dt>
        <dd
          class=""
          data-pf-content="true"
        >
          test-arch
        </dd>
        <dt
          class=""
          data-pf-content="true"
        >
          Last boot time
        </dt>
        <dd
          class=""
          data-pf-content="true"
        >
          Invalid Date
        </dd>
        <dt
          class=""
          data-pf-content="true"
        >
          Kernel modules
        </dt>
        <dd
          class=""
          data-pf-content="true"
        >
          <a
            href="http://localhost:5000//kernel_modules"
          >
            0 modules
          </a>
        </dd>
      </dl>
    </div>
  </div>
</div>
`;

exports[`OperatingSystemCard should render enabled/disabled 1`] = `
<div
  class="pf-l-stack pf-m-gutter"
>
  <div
    class="pf-l-stack__item"
  >
    <div
      class="pf-c-content"
    >
      <h1
        class=""
        data-pf-content="true"
      >
        Operating System
      </h1>
    </div>
  </div>
  <div
    class="pf-l-stack__item pf-m-fill"
  >
    <div
      class="pf-c-content"
    >
      <dl
        class=""
        data-pf-content="true"
      >
        <dt
          class=""
          data-pf-content="true"
        >
          Release
        </dt>
        <dd
          class=""
          data-pf-content="true"
        >
          test-release
        </dd>
        <dt
          class=""
          data-pf-content="true"
        >
          Kernel release
        </dt>
        <dd
          class=""
          data-pf-content="true"
        >
          test-kernel
        </dd>
        <dt
          class=""
          data-pf-content="true"
        >
          Architecture
        </dt>
        <dd
          class=""
          data-pf-content="true"
        >
          test-arch
        </dd>
        <dt
          class=""
          data-pf-content="true"
        >
          Last boot time
        </dt>
        <dd
          class=""
          data-pf-content="true"
        >
          Invalid Date
        </dd>
        <dt
          class=""
          data-pf-content="true"
        >
          Kernel modules
        </dt>
        <dd
          class=""
          data-pf-content="true"
        >
          <a
            href="http://localhost:5000//kernel_modules"
          >
            0 modules
          </a>
        </dd>
      </dl>
    </div>
  </div>
</div>
`;
