// Jest Snapshot v1, https://goo.gl/fbAQLP

exports[`Loader component tests should render correctly 1`] = `
<Loader
  name=""
  size="sm"
>
  <div>
    <Skeleton
      isDark={false}
      size="sm"
    >
      <div
        className="ins-c-skeleton ins-c-skeleton__sm"
      >
        Â 
      </div>
    </Skeleton>
  </div>
</Loader>
`;
