// Jest Snapshot v1, https://goo.gl/fbAQLP

exports[`FilterConfigBuilder categoryLabelForValue to return a matching category label 1`] = `"true"`;

exports[`FilterConfigBuilder categoryLabelForValue to return a matching category label 2`] = `"0-49"`;

exports[`FilterConfigBuilder categoryLabelForValue to return a matching category label 3`] = `"Search term"`;

exports[`FilterConfigBuilder initialDefaultState to return a matching category label 1`] = `
Object {
  "filtergroup": undefined,
  "filterwithmultiplespaces": Array [],
  "name": "",
  "passed": Array [],
  "severity": Array [],
}
`;

exports[`FilterConfigBuilder labelForValue to return a matching label 1`] = `"true"`;

exports[`FilterConfigBuilder labelForValue to return a matching label 2`] = `"0-49"`;

exports[`FilterConfigBuilder labelForValue to return a matching label 3`] = `"Search term"`;

exports[`FilterConfigBuilder returns a filterConfig 1`] = `
Object {
  "compliancescore": Array [],
  "compliant": Array [],
  "filtergroup": Object {
    "1": Object {
      "2": true,
    },
  },
  "items": Array [
    Object {
      "filterValues": Object {
        "items": Array [
          Object {
            "label": "Show ",
            "value": "show",
          },
        ],
        "onChange": [Function],
        "value": undefined,
      },
      "id": "filterwithmultiplespaces",
      "label": "Filter with multiple spaces",
      "placeholder": "Filter by filter with multiple spaces",
      "type": "checkbox",
    },
    Object {
      "filterValues": Object {
        "groups": Array [
          Object {
            "items": Array [
              Object {
                "label": "Child 1",
                "type": "checkbox",
                "value": 1,
              },
              Object {
                "label": "Child 2",
                "type": "checkbox",
                "value": 2,
              },
            ],
            "label": "Parent 1",
            "type": "checkbox",
            "value": 1,
          },
          Object {
            "items": Array [
              Object {
                "label": "Parent 2 Child 1",
                "type": "checkbox",
                "value": 1,
              },
              Object {
                "label": "Parent 2 Child 2",
                "type": "checkbox",
                "value": 2,
              },
            ],
            "label": "Parent 2",
            "type": "checkbox",
            "value": 2,
          },
        ],
        "onChange": [Function],
        "selected": undefined,
      },
      "id": "filtergroup",
      "label": "Filter group",
      "type": "group",
    },
    Object {
      "filterValues": Object {
        "onChange": [Function],
        "value": "",
      },
      "id": "name",
      "label": "Name",
      "placeholder": "Filter by name",
      "type": "text",
    },
    Object {
      "filterValues": Object {
        "items": Array [
          Object {
            "label": <React.Fragment>
              <ExclamationCircleIcon
                className="ins-u-failed"
                color="currentColor"
                noVerticalAlign={false}
                size="sm"
              />
               High
            </React.Fragment>,
            "value": "high",
          },
          Object {
            "label": <React.Fragment>
              <ExclamationTriangleIcon
                className="ins-u-warning"
                color="currentColor"
                noVerticalAlign={false}
                size="sm"
              />
               Medium
            </React.Fragment>,
            "value": "medium",
          },
          Object {
            "label": <React.Fragment>
              <svg
                height="1em"
                role="img"
                style={
                  Object {
                    "verticalAlign": "-0.125em",
                  }
                }
                viewBox="0 0 18 18"
                width="1em"
                xmlns="http://www.w3.org/2000/svg"
              >
                <path
                  d="M2 0h14a2 2 0 0 1 2 2v14a2 2 0 0 1-2 2H2a2 2 0 0 1-2-2V2a2 2 0 0 1 2-2zm6.67 10.46a1.67 1.67 0 1 0 0 3.338 1.67 1.67 0 0 0 0-3.338zm-1.586-6l.27 4.935a.435.435 0 0 0 .434.411H9.55c.232 0 .422-.18.435-.411l.27-4.936A.435.435 0 0 0 9.818 4h-2.3c-.25 0-.448.21-.435.46z"
                  fill="#3A9CA6"
                  fillRule="evenodd"
                />
              </svg>
               Low
            </React.Fragment>,
            "value": "low",
          },
          Object {
            "label": <React.Fragment>
              <QuestionCircleIcon
                color="currentColor"
                noVerticalAlign={false}
                size="sm"
              />
               Unknown
            </React.Fragment>,
            "value": "unknown",
          },
        ],
        "onChange": [Function],
        "value": undefined,
      },
      "id": "severity",
      "label": "Severity",
      "placeholder": "Filter by severity",
      "type": "checkbox",
    },
    Object {
      "filterValues": Object {
        "items": Array [
          Object {
            "label": "Passed rules",
            "value": "passed",
          },
          Object {
            "label": "Failed rules",
            "value": "failed",
          },
        ],
        "onChange": [Function],
        "value": undefined,
      },
      "id": "passed",
      "label": "Passed",
      "placeholder": "Filter by passed",
      "type": "checkbox",
    },
  ],
  "name": "",
}
`;

exports[`FilterConfigBuilder valueForLabel to return a matching value 1`] = `"Non-compliant"`;

exports[`FilterConfigBuilder valueForLabel to return a matching value 2`] = `"50 - 69%"`;

exports[`FilterConfigBuilder valueForLabel to return a matching value 3`] = `"Search term"`;
